[demo.neontheme.com/index.html]
[demo.neontheme.com/assets/images/favicon.ico]
[backblue.gif]
[fade.gif]
[index.html]
[demo.neontheme.com/assets/js/jquery-1.11.3.min.js]
[demo.neontheme.com/assets/images/logo@2x.png]
[demo.neontheme.com/dashboard/main/index.html]
[demo.neontheme.com/ui/badges-label/s.html]
[demo.neontheme.com/dashboard/main-2/index.html]
[demo.neontheme.com/assets/images/thumb-1@2x.png]
[demo.neontheme.com/skins/black/index.html]
[demo.neontheme.com/assets/images/thumb-2@2x.png]
[demo.neontheme.com/dashboard/main-3/index.html]
[demo.neontheme.com/assets/images/thumb-3@2x.png]
[demo.neontheme.com/skins/purple/index.html]
[demo.neontheme.com/skins/white/index.html]
[demo.neontheme.com/skins/cafe/index.html]
[demo.neontheme.com/skins/red/index.html]
[demo.neontheme.com/assets/images/thumb-4@2x.png]
[demo.neontheme.com/skins/green/index.html]
[demo.neontheme.com/assets/images/flags/flag-uk.png]
[demo.neontheme.com/skins/yellow/index.html]
[demo.neontheme.com/skins/blue/index.html]
[demo.neontheme.com/skins/facebook/index.html]
[demo.neontheme.com/layouts/layout-api/index.html]
[demo.neontheme.com/layouts/collapsed-sidebar/index.html]
[demo.neontheme.com/assets/images/flags/flag-de.png]
[demo.neontheme.com/dashboard/highlights/index.html]
[demo.neontheme.com/layouts/chat-open/index.html]
[demo.neontheme.com/layouts/fixed-sidebar/index.html]
[demo.neontheme.com/layouts/horizontal-menu-boxed/index.html]
[demo.neontheme.com/layouts/horizontal-menu-fluid/index.html]
[demo.neontheme.com/assets/images/flags/flag-fr.png]
[demo.neontheme.com/layouts/mixed-menus/index.html]
[demo.neontheme.com/assets/images/flags/flag-al.png]
[demo.neontheme.com/layouts/both-menus-right-sidebar/index.html]
[demo.neontheme.com/layouts/right-sidebar/index.html]
[demo.neontheme.com/layouts/page-transition-fade/index.html]
[demo.neontheme.com/layouts/page-transition-left-in/index.html]
[demo.neontheme.com/assets/images/flags/flag-es.png]
[demo.neontheme.com/layouts/page-transition-right-in/index.html]
[demo.neontheme.com/layouts/page-transition-fade-only/index.html]
[demo.neontheme.com/layouts/boxed/index.html]
[demo.neontheme.com/frontend/main/index.html]
[demo.neontheme.com/assets/images/sample-al.png]
[demo.neontheme.com/ui/panels/index.html]
[demo.neontheme.com/ui/tiles/index.html]
[demo.neontheme.com/assets/images/sample-it.png]
[demo.neontheme.com/forms/buttons/index.html]
[demo.neontheme.com/assets/images/sample-au.png]
[demo.neontheme.com/ui/typography/index.html]
[demo.neontheme.com/ui/tabs-accordions/index.html]
[demo.neontheme.com/ui/tooltips-popovers/index.html]
[demo.neontheme.com/ui/navbars/index.html]
[demo.neontheme.com/ui/breadcrumbs/index.html]
[demo.neontheme.com/ui/progress-bars/index.html]
[demo.neontheme.com/ui/modals/index.html]
[demo.neontheme.com/ui/blockquotes/index.html]
[demo.neontheme.com/ui/alerts/index.html]
[demo.neontheme.com/ui/pagination/index.html]
[demo.neontheme.com/mailbox/main/index.html]
[demo.neontheme.com/mailbox/compose/index.html]
[demo.neontheme.com/mailbox/message/index.html]
[demo.neontheme.com/forms/main/index.html]
[demo.neontheme.com/assets/js/gsap/TweenMax.min.js]
[demo.neontheme.com/forms/validation/index.html]
[demo.neontheme.com/forms/wizard/index.html]
[demo.neontheme.com/forms/advanced/index.html]
[demo.neontheme.com/forms/masks/index.html]
[demo.neontheme.com/forms/sliders/index.html]
[demo.neontheme.com/assets/js/jquery-ui/js/jquery-ui-1.10.3.minimal.min.js]
[demo.neontheme.com/forms/file-upload/index.html]
[demo.neontheme.com/assets/js/bootstrap.js]
[demo.neontheme.com/forms/wysiwyg/index.html]
[demo.neontheme.com/assets/js/joinable.js]
[demo.neontheme.com/tables/main/index.html]
[demo.neontheme.com/tables/datatable/index.html]
[demo.neontheme.com/extra/icons/index.html]
[demo.neontheme.com/assets/js/resizeable.js]
[demo.neontheme.com/extra/icons-entypo/index.html]
[demo.neontheme.com/extra/icons-fontawesome/index.html]
[demo.neontheme.com/assets/js/neon-api.js]
[demo.neontheme.com/extra/icons-glyphicons/index.html]
[demo.neontheme.com/extra/portlets/index.html]
[demo.neontheme.com/assets/js/cookies.min.js]
[demo.neontheme.com/extra/google-maps/index.html]
[demo.neontheme.com/extra/calendar/index.html]
[demo.neontheme.com/extra/chat-api/index.html]
[demo.neontheme.com/assets/js/jvectormap/jquery-jvectormap-1.2.2.min.js]
[demo.neontheme.com/extra/calendar-2/index.html]
[demo.neontheme.com/extra/vector-maps/index.html]
[demo.neontheme.com/extra/notes/index.html]
[demo.neontheme.com/assets/js/jvectormap/jquery-jvectormap-europe-merc-en.js]
[demo.neontheme.com/extra/lockscreen/index.html]
[demo.neontheme.com/extra/login/index.html]
[demo.neontheme.com/assets/js/jquery.sparkline.min.js]
[demo.neontheme.com/extra/register/index.html]
[demo.neontheme.com/extra/invoice/index.html]
[demo.neontheme.com/extra/members/index.html]
[demo.neontheme.com/assets/js/rickshaw/vendor/d3.v3.js]
[demo.neontheme.com/extra/gallery/index.html]
[demo.neontheme.com/extra/gallery-single/index.html]
[demo.neontheme.com/extra/404/index.html]
[demo.neontheme.com/extra/blank-page/index.html]
[demo.neontheme.com/assets/js/rickshaw/rickshaw.min.js]
[demo.neontheme.com/assets/js/raphael-min.js]
[demo.neontheme.com/extra/comments/index.html]
[demo.neontheme.com/extra/timeline/index.html]
[demo.neontheme.com/extra/timeline-centered/index.html]
[demo.neontheme.com/extra/tocify/index.html]
[demo.neontheme.com/assets/js/morris.min.js]
[demo.neontheme.com/ui/notifications/index.html]
[demo.neontheme.com/extra/new-post/index.html]
[demo.neontheme.com/assets/js/toastr.js]
[demo.neontheme.com/extra/settings/index.html]
[demo.neontheme.com/extra/profile/index.html]
[demo.neontheme.com/extra/scrollbox/index.html]
[demo.neontheme.com/assets/js/neon-chat.js]
[demo.neontheme.com/extra/image-crop/index.html]
[demo.neontheme.com/extra/language-selector/index.html]
[demo.neontheme.com/extra/file-tree/index.html]
[demo.neontheme.com/extra/nestable/index.html]
[demo.neontheme.com/extra/search/index.html]
[demo.neontheme.com/assets/js/neon-custom.js]
[demo.neontheme.com/extra/load-progress/index.html]
[demo.neontheme.com/assets/js/neon-demo.js]
[demo.neontheme.com/extra/charts/index.html]
[demo.neontheme.com/assets/js/neon-skins.js]
[demo.neontheme.com/index.html]
[demo.neontheme.com/assets/js/jquery-ui/css/no-theme/jquery-ui-1.10.3.custom.min.css]
[demo.neontheme.com/assets/css/font-icons/entypo/font/entypo8421.eot]
[demo.neontheme.com/assets/css/font-icons/entypo/font/entypo8421.woff]
[demo.neontheme.com/assets/css/font-icons/entypo/font/entypo8421.ttf]
[demo.neontheme.com/assets/css/font-icons/entypo/css/entypo.css]
[demo.neontheme.com/assets/css/font-icons/glyphicons/glyphicons-halflings-regular.eot]
[demo.neontheme.com/assets/css/font-icons/glyphicons/glyphicons-halflings-regulard41d.eot]
[demo.neontheme.com/assets/css/font-icons/glyphicons/glyphicons-halflings-regular.woff2]
[demo.neontheme.com/assets/css/font-icons/glyphicons/glyphicons-halflings-regular.woff]
[demo.neontheme.com/assets/css/font-icons/glyphicons/glyphicons-halflings-regular.ttf]
[demo.neontheme.com/assets/css/bootstrap.css]
[demo.neontheme.com/assets/images/loader-1.gif]
[demo.neontheme.com/assets/images/loader-2.gif]
[demo.neontheme.com/assets/images/boxed-pattern-3.png]
[demo.neontheme.com/assets/css/neon-core.css]
[demo.neontheme.com/assets/images/notes-lines.png]
[demo.neontheme.com/assets/css/neon-theme.css]
[demo.neontheme.com/assets/images/colorpicker/saturation.png]
[demo.neontheme.com/assets/images/colorpicker/hue.png]
[demo.neontheme.com/assets/images/colorpicker/alpha.png]
[demo.neontheme.com/assets/images/colorpicker/hue-horizontal.png]
[demo.neontheme.com/assets/images/colorpicker/alpha-horizontal.png]
[demo.neontheme.com/assets/css/neon-forms.css]
[demo.neontheme.com/assets/css/custom.css]
[demo.neontheme.com/dashboard/main/index.html]
[demo.neontheme.com/assets/js/jvectormap/jquery-jvectormap-world-mill-en.js]
[demo.neontheme.com/dashboard/main-2/index.html]
[demo.neontheme.com/assets/js/fullcalendar/fullcalendar.min.js]
[demo.neontheme.com/dashboard/main-3/index.html]
[demo.neontheme.com/skins/black/index.html]
[demo.neontheme.com/assets/images/logo-light@2x.png]
[demo.neontheme.com/skins/white/index.html]
[demo.neontheme.com/skins/purple/index.html]
[demo.neontheme.com/skins/cafe/index.html]
[demo.neontheme.com/skins/red/index.html]
[demo.neontheme.com/skins/green/index.html]
[demo.neontheme.com/skins/yellow/index.html]
[demo.neontheme.com/skins/blue/index.html]
[demo.neontheme.com/skins/facebook/index.html]
[demo.neontheme.com/assets/images/highlights-9-bootstrap-3-3-5.png]
[demo.neontheme.com/assets/images/highlights-9-less-organized.png]
[demo.neontheme.com/assets/images/highlights-9-js-libraries-updated.png]
[demo.neontheme.com/assets/images/highlights-9-git-repo.png]
[demo.neontheme.com/assets/images/highlights-9-fixes.png]
[demo.neontheme.com/assets/images/highlights-5-1-fullcalendar.png]
[demo.neontheme.com/assets/images/highlights-5-2-scriptscommented.png]
[demo.neontheme.com/assets/images/highlights-5-3-themefixes.png]
[demo.neontheme.com/assets/images/highlights-4-1-boxed.png]
[demo.neontheme.com/assets/images/highlights-3-1-comments.png]
[demo.neontheme.com/assets/images/highlights-3-2-members.png]
[demo.neontheme.com/assets/images/highlights-3-4-page-loading.png]
[demo.neontheme.com/assets/images/highlights-3-2-newpost.png]
[demo.neontheme.com/assets/images/highlights-3-5-settings-page.png]
[demo.neontheme.com/assets/images/highlights-3-6-treeview.png]
[demo.neontheme.com/assets/images/highlights-3-3-nestable.png]
[demo.neontheme.com/assets/images/highlights-2-0-bootstrap.png]
[demo.neontheme.com/assets/images/highlights-3-front-end.png]
[demo.neontheme.com/assets/images/highlights-2-10-rtl-support.png]
[demo.neontheme.com/assets/images/highlights-2-5-right-menu.png]
[demo.neontheme.com/dashboard/main/index191b.html]
[demo.neontheme.com/assets/images/highlights-2-7-left-chat.png]
[demo.neontheme.com/assets/images/highlights-3-dashboard.png]
[demo.neontheme.com/layouts/right-sidebar-chat/index.html]
[demo.neontheme.com/assets/images/highlights-3-photoshop.png]
[demo.neontheme.com/assets/images/highlights-2-4-register-form.png]
[demo.neontheme.com/assets/images/highlights-2-6-login-form.png]
[demo.neontheme.com/extra/forgot-password/index.html]
[demo.neontheme.com/assets/images/highlights-2-1-icheck.png]
[demo.neontheme.com/assets/images/highlights-2-9-search-results.png]
[demo.neontheme.com/assets/images/highlights-2-3-language-switcher.png]
[demo.neontheme.com/forms/icheck/index.html]
[demo.neontheme.com/assets/images/highlights-2-8-spinners.png]
[demo.neontheme.com/assets/images/highlights-2-2-new-editor.png]
[demo.neontheme.com/assets/images/highlights-1-skins.png]
[demo.neontheme.com/assets/images/highlights-2-profile.png]
[demo.neontheme.com/assets/images/highlights-3-notes.png]
[demo.neontheme.com/assets/images/highlights-4-datatables.png]
[demo.neontheme.com/assets/images/highlights-5-profile_left.png]
[demo.neontheme.com/assets/images/highlights-8-timeline.png]
[demo.neontheme.com/assets/images/highlights-7-gallery.png]
[demo.neontheme.com/assets/images/highlights-6-crop.png]
[demo.neontheme.com/dashboard/highlights/index.html]
[demo.neontheme.com/layouts/layout-api/index.html]
[demo.neontheme.com/layouts/collapsed-sidebar/index.html]
[demo.neontheme.com/layouts/api-right-sidebar/index.html]
[demo.neontheme.com/layouts/fixed-sidebar/index.html]
[demo.neontheme.com/layouts/sidebar-static/index.html]
[demo.neontheme.com/layouts/sidebar-chat-open/index.html]
[demo.neontheme.com/layouts/layout-horizontal-menu-chat/index.html]
[demo.neontheme.com/layouts/chat-open/index.html]
[demo.neontheme.com/layouts/mixed-menus-logo-fit/index.html]
[demo.neontheme.com/layouts/right-sidebar-collapsed/index.html]
[demo.neontheme.com/layouts/mixed-menus-collapsed/index.html]
[demo.neontheme.com/layouts/both-menus-right-sidebar-collapsed/index.html]
[demo.neontheme.com/assets/images/burjkhalifa.jpg]
[demo.neontheme.com/layouts/horizontal-menu-boxed/index.html]
[demo.neontheme.com/indexbb79.html]
[demo.neontheme.com/index7f44.html]
[demo.neontheme.com/index843b.html]
[demo.neontheme.com/layouts/horizontal-menu-fluid/index.html]
[demo.neontheme.com/index84fe.html]
[demo.neontheme.com/layouts/mixed-menus/index.html]
[demo.neontheme.com/index3bab.html]
[demo.neontheme.com/indexc644.html]
[demo.neontheme.com/index00f3.html]
[demo.neontheme.com/layouts/right-sidebar/index.html]
[demo.neontheme.com/layouts/both-menus-right-sidebar/index.html]
[demo.neontheme.com/layouts/page-transition-fade/index.html]
[demo.neontheme.com/layouts/page-transition-left-in/index.html]
[demo.neontheme.com/layouts/page-transition-right-in/index.html]
[demo.neontheme.com/layouts/page-transition-fade-only/index.html]
[demo.neontheme.com/layouts/boxed/index.html]
[demo.neontheme.com/indexd657.html]
[demo.neontheme.com/index1f0e.html]
[demo.neontheme.com/assets/frontend/images/favicon.ico]
[demo.neontheme.com/assets/frontend/js/jquery-1.11.3.min.js]
[demo.neontheme.com/assets/frontend/images/logo@2x.png]
[demo.neontheme.com/assets/frontend/images/slide-img-1-bg.png]
[demo.neontheme.com/assets/frontend/images/slide-img-1.png]
[demo.neontheme.com/frontend/about/index.html]
[demo.neontheme.com/assets/frontend/images/slide-img-2.png]
[demo.neontheme.com/assets/frontend/images/slide-img-3.png]
[demo.neontheme.com/frontend/main/indexc81e.html]
[demo.neontheme.com/assets/frontend/images/portfolio-thumb-1.png]
[demo.neontheme.com/frontend/contact/index.html]
[demo.neontheme.com/assets/frontend/images/portfolio-thumb-2.png]
[demo.neontheme.com/frontend/gallery/index.html]
[demo.neontheme.com/assets/frontend/images/portfolio-thumb-3.png]
[demo.neontheme.com/frontend/portfolio/index.html]
[demo.neontheme.com/assets/frontend/images/client-logo-1.png]
[demo.neontheme.com/assets/frontend/images/client-logo-2.png]
[demo.neontheme.com/frontend/portfolio-single/index.html]
[demo.neontheme.com/frontend/blog/index.html]
[demo.neontheme.com/assets/frontend/images/client-logo-3.png]
[demo.neontheme.com/assets/frontend/images/client-logo-4.png]
[demo.neontheme.com/frontend/blog-post/index.html]
[demo.neontheme.com/assets/frontend/js/gsap/TweenMax.min.js]
[demo.neontheme.com/assets/frontend/js/bootstrap.js]
[demo.neontheme.com/assets/frontend/js/joinable.js]
[demo.neontheme.com/assets/frontend/js/resizeable.js]
[demo.neontheme.com/assets/frontend/js/neon-slider.js]
[demo.neontheme.com/assets/frontend/js/neon-custom.js]
[demo.neontheme.com/frontend/main/index.html]
[demo.neontheme.com/ui/panels/index.html]
[demo.neontheme.com/ui/tiles/index.html]
[demo.neontheme.com/forms/buttons/index.html]
[demo.neontheme.com/ui/typography/index.html]
[demo.neontheme.com/ui/tabs-accordions/index.html]
[demo.neontheme.com/ui/tooltips-popovers/index.html]
[demo.neontheme.com/ui/navbars/index.html]
[demo.neontheme.com/ui/breadcrumbs/index.html]
[demo.neontheme.com/ui/badges-label/s.html]
[demo.neontheme.com/ui/progress-bars/index.html]
[demo.neontheme.com/ui/modals/index.html]
[demo.neontheme.com/ui/blockquotes/index.html]
[demo.neontheme.com/ui/alerts/index.html]
[demo.neontheme.com/ui/pagination/index.html]
[demo.neontheme.com/assets/js/neon-mail.js]
[demo.neontheme.com/mailbox/main/index.html]
[demo.neontheme.com/assets/js/wysihtml5/wysihtml5-0.4.0pre.min.js]
[demo.neontheme.com/assets/js/wysihtml5/bootstrap-wysihtml5.js]
[demo.neontheme.com/mailbox/compose/index.html]
[demo.neontheme.com/assets/images/thumb-1.png]
[demo.neontheme.com/assets/images/attach-1.png]
[demo.neontheme.com/assets/images/attach-2.png]
[demo.neontheme.com/mailbox/message/index.html]
[demo.neontheme.com/assets/js/bootstrap-switch.min.js]
[demo.neontheme.com/forms/main/index.html]
[icons.iconarchive.com/icons/custom-icon-design/pretty-office-5/256/themes-icon.png]
[icons.iconarchive.com/icons/graphicloads/colorful-long-shadow/256/Html-tags-icon.png]
[icons.iconarchive.com/icons/sicons/basic-round-social/256/jquery-icon.png]
[icons.iconarchive.com/icons/pelfusion/long-shadow-media/256/Mobile-Smartphone-icon.png]
[demo.neontheme.com/forms/advanced/{{img}}.95.delayed]
[demo.neontheme.com/assets/js/select2/select2.min.js]
[demo.neontheme.com/assets/js/bootstrap-tagsinput.min.js]
[demo.neontheme.com/assets/js/typeahead.min.js]
[demo.neontheme.com/assets/js/selectboxit/jquery.selectBoxIt.min.js]
[demo.neontheme.com/assets/js/bootstrap-datepicker.js]
[demo.neontheme.com/assets/js/bootstrap-timepicker.min.js]
[demo.neontheme.com/assets/js/bootstrap-colorpicker.min.js]
[demo.neontheme.com/assets/js/moment.min.js]
[demo.neontheme.com/assets/js/daterangepicker/daterangepicker.js]
[demo.neontheme.com/assets/js/jquery.multi-select.js]
[demo.neontheme.com/assets/js/icheck/icheck.min.js]
[demo.neontheme.com/forms/advanced/index.html]
[demo.neontheme.com/assets/js/jquery.bootstrap.wizard.min.js]
[demo.neontheme.com/assets/js/jquery.validate.min.js]
[demo.neontheme.com/assets/js/jquery.inputmask.bundle.js]
[demo.neontheme.com/forms/wizard/index.html]
[demo.neontheme.com/forms/validation/index.html]
[demo.neontheme.com/forms/masks/index.html]
[demo.neontheme.com/assets/js/jquery.knob.js]
[demo.neontheme.com/forms/sliders/index.html]
[demo.neontheme.com/assets/js/fileinput.js]
[demo.neontheme.com/assets/js/dropzone/dropzone.js]
[demo.neontheme.com/forms/file-upload/index.html]
[demo.neontheme.com/assets/js/ckeditor/ckeditor.js]
[demo.neontheme.com/assets/js/ckeditor/adapters/jquery.js]
[demo.neontheme.com/assets/js/uikit/js/uikit.min.js]
[demo.neontheme.com/assets/js/codemirror/lib/codemirror.js]
[demo.neontheme.com/assets/js/marked.js]
[demo.neontheme.com/assets/js/uikit/addons/js/markdownarea.min.js]
[demo.neontheme.com/assets/js/codemirror/mode/markdown/markdown.js]
[demo.neontheme.com/assets/js/codemirror/addon/mode/overlay.js]
[demo.neontheme.com/assets/js/codemirror/mode/xml/xml.js]
[demo.neontheme.com/assets/js/codemirror/mode/gfm/gfm.js]
[demo.neontheme.com/forms/wysiwyg/index.html]
[demo.neontheme.com/assets/js/zurb-responsive-tables/responsive-tables.js]
[demo.neontheme.com/tables/main/index.html]
[demo.neontheme.com/assets/js/datatables/datatables.js]
[demo.neontheme.com/tables/datatable/index.html]
[demo.neontheme.com/assets/js/tocify/jquery.tocify.min.js]
[demo.neontheme.com/extra/icons/index.html]
[demo.neontheme.com/extra/icons-fontawesome/index.html]
[demo.neontheme.com/extra/icons-entypo/index.html]
[demo.neontheme.com/extra/icons-glyphicons/index.html]
[demo.neontheme.com/extra/portlets/index.html]
[demo.neontheme.com/extra/google-maps/index.html]
[demo.neontheme.com/assets/js/jvectormap/jquery-jvectormap-us-aea-en.js]
[demo.neontheme.com/assets/js/jvectormap/jquery-jvectormap-de-merc-en.js]
[demo.neontheme.com/assets/js/jvectormap/jquery-jvectormap-fr-merc-en.js]
[demo.neontheme.com/assets/js/jvectormap/jquery-jvectormap-cn-mill-en.js]
[demo.neontheme.com/assets/js/jvectormap/jquery-jvectormap-it-merc-en.js]
[demo.neontheme.com/assets/js/jvectormap/jquery-jvectormap-au-mill-en.js]
[demo.neontheme.com/assets/js/jvectormap/jquery-jvectormap-ar-merc-en.js]
[demo.neontheme.com/assets/js/jvectormap/jquery-jvectormap-at-merc-en.js]
[demo.neontheme.com/assets/js/jvectormap/jquery-jvectormap-dk-merc-en.js]
[demo.neontheme.com/assets/js/jvectormap/jquery-jvectormap-be-merc-en.js]
[demo.neontheme.com/assets/js/jvectormap/jquery-jvectormap-nl-merc-en.js]
[demo.neontheme.com/assets/js/jvectormap/jquery-jvectormap-ca-lcc-en.js]
[demo.neontheme.com/assets/js/jvectormap/jquery-jvectormap-us-ny-newyork-mill-en.js]
[demo.neontheme.com/assets/js/jvectormap/jquery-jvectormap-es-merc-en.js]
[demo.neontheme.com/assets/js/jvectormap/jquery-jvectormap-uk-merc-en.js]
[demo.neontheme.com/assets/js/jvectormap/jquery-jvectormap-ch-mill-en.js]
[demo.neontheme.com/extra/vector-maps/index.html]
[demo.neontheme.com/extra/chat-api/index.html]
[demo.neontheme.com/assets/js/neon-calendar.js]
[demo.neontheme.com/extra/calendar/index.html]
[demo.neontheme.com/assets/js/fullcalendar-2/fullcalendar.min.js]
[demo.neontheme.com/assets/js/neon-calendar-2.js]
[demo.neontheme.com/extra/calendar-2/index.html]
[demo.neontheme.com/assets/js/neon-notes.js]
[demo.neontheme.com/extra/notes/index.html]
[demo.neontheme.com/assets/images/lockscreen-user.png]
[demo.neontheme.com/assets/js/neon-login.js]
[demo.neontheme.com/extra/lockscreen/index.html]
[demo.neontheme.com/extra/login/index.html]
[demo.neontheme.com/assets/js/neon-register.js]
[demo.neontheme.com/extra/register/index.html]
[demo.neontheme.com/assets/images/laborator@2x.png]
[demo.neontheme.com/extra/invoice/index.html]
[demo.neontheme.com/assets/images/member-1.jpg]
[demo.neontheme.com/assets/images/member-2.jpg]
[demo.neontheme.com/assets/images/member-3.jpg]
[demo.neontheme.com/assets/images/member-4.jpg]
[demo.neontheme.com/assets/images/member-5.jpg]
[demo.neontheme.com/assets/images/member-6.jpg]
[demo.neontheme.com/extra/members/index.html]
[demo.neontheme.com/assets/images/album-thumb-1.jpg]
[demo.neontheme.com/assets/images/album-thumb-2.jpg]
[demo.neontheme.com/assets/images/album-thumb-3.jpg]
[demo.neontheme.com/assets/images/album-thumb-4.jpg]
[demo.neontheme.com/assets/images/album-thumb-5.jpg]
[demo.neontheme.com/assets/images/album-thumb-6.jpg]
[demo.neontheme.com/assets/images/album-thumb-7.jpg]
[demo.neontheme.com/assets/images/album-thumb-8.jpg]
[demo.neontheme.com/assets/images/album-thumb-9.jpg]
[demo.neontheme.com/assets/images/sample-crop.jpg]
[demo.neontheme.com/assets/images/sample-crop-2.png]
[demo.neontheme.com/assets/js/jcrop/jquery.Jcrop.min.js]
[demo.neontheme.com/extra/gallery/index.html]
[demo.neontheme.com/assets/images/album-image-1.jpg]
[demo.neontheme.com/assets/images/album-image-2.jpg]
[demo.neontheme.com/assets/images/album-image-3.jpg]
[demo.neontheme.com/assets/images/album-image-4.jpg]
[demo.neontheme.com/assets/images/album-image-5.jpg]
[demo.neontheme.com/assets/images/album-image-6.jpg]
[demo.neontheme.com/assets/images/album-image-7.jpg]
[demo.neontheme.com/assets/images/album-image-8.jpg]
[demo.neontheme.com/assets/images/album-image-9.jpg]
[demo.neontheme.com/assets/images/album-image-10.jpg]
[demo.neontheme.com/assets/images/album-image-11.jpg]
[demo.neontheme.com/assets/images/album-image-12.jpg]
[demo.neontheme.com/assets/images/album-image-13.jpg]
[demo.neontheme.com/assets/images/album-image-14.jpg]
[demo.neontheme.com/assets/images/album-image-15.jpg]
[demo.neontheme.com/assets/images/album-image-16.jpg]
[demo.neontheme.com/assets/images/album-image-17.jpg]
[demo.neontheme.com/assets/images/album-image-18.jpg]
[demo.neontheme.com/extra/gallery-single/index.html]
[demo.neontheme.com/assets/images/profile-picture.png]
[demo.neontheme.com/assets/images/timeline-image-1.png]
[demo.neontheme.com/assets/images/timeline-image-2.png]
[demo.neontheme.com/assets/images/timeline-image-3.png]
[demo.neontheme.com/assets/images/timeline-image-4.png]
[demo.neontheme.com/extra/profile/index.html]
[demo.neontheme.com/extra/404/index.html]
[demo.neontheme.com/extra/blank-page/index.html]
[demo.neontheme.com/extra/comments/index.html]
[demo.neontheme.com/extra/timeline/index.html]
[demo.neontheme.com/extra/timeline-centered/index.html]
[demo.neontheme.com/extra/tocify/index.html]
[demo.neontheme.com/ui/notifications/index.html]
[demo.neontheme.com/extra/new-post/index.html]
[demo.neontheme.com/extra/settings/index.html]
[demo.neontheme.com/extra/scrollbox/index.html]
[demo.neontheme.com/assets/images/crop-1.jpg]
[demo.neontheme.com/assets/images/crop-2.jpg]
[demo.neontheme.com/assets/images/crop-3.jpg]
[demo.neontheme.com/assets/images/crop-4.jpg]
[demo.neontheme.com/extra/image-crop/index.html]
[demo.neontheme.com/assets/images/thumb-2.png]
[demo.neontheme.com/assets/images/thumb-3.png]
[demo.neontheme.com/assets/images/thumb-4.png]
[demo.neontheme.com/extra/search/index.html]
[demo.neontheme.com/extra/language-selector/index.html]
[demo.neontheme.com/assets/js/jquery.nestable.js]
[demo.neontheme.com/extra/nestable/index.html]
[demo.neontheme.com/assets/js/aci-tree/js/jquery.aciPlugin.min.js]
[demo.neontheme.com/assets/js/aci-tree/js/jquery.aciTree.min.js]
[demo.neontheme.com/extra/file-tree/index.html]
[demo.neontheme.com/extra/load-progress/index.html]
[demo.neontheme.com/assets/js/jquery.peity.min.js]
[demo.neontheme.com/assets/js/neon-charts.js]
[demo.neontheme.com/extra/charts/index.html]
[demo.neontheme.com/assets/js/jvectormap/jquery-jvectormap-1.2.2.css]
[demo.neontheme.com/assets/js/rickshaw/rickshaw.min.css]
[demo.neontheme.com/assets/css/font-icons/entypo/font/entypo8421.svg]
[demo.neontheme.com/assets/css/font-icons/glyphicons/glyphicons-halflings-regular.svg]
[demo.neontheme.com/assets/css/skins/black.css]
[demo.neontheme.com/assets/css/skins/white.css]
[demo.neontheme.com/assets/css/skins/purple.css]
[demo.neontheme.com/assets/css/skins/cafe.css]
[demo.neontheme.com/assets/css/skins/red.css]
[demo.neontheme.com/assets/css/skins/green.css]
[demo.neontheme.com/assets/css/skins/yellow.css]
[demo.neontheme.com/assets/css/skins/blue.css]
[demo.neontheme.com/assets/css/skins/facebook.css]
[demo.neontheme.com/dashboard/main/index191b.html]
[demo.neontheme.com/layouts/right-sidebar-chat/index.html]
[demo.neontheme.com/assets/js/neon-forgotpassword.js]
[demo.neontheme.com/extra/forgot-password/index.html]
[demo.neontheme.com/forms/icheck/index.html]
[demo.neontheme.com/layouts/api-right-sidebar/index.html]
[demo.neontheme.com/layouts/sidebar-chat-open/index.html]
[demo.neontheme.com/layouts/sidebar-static/index.html]
[demo.neontheme.com/layouts/layout-horizontal-menu-chat/index.html]
[demo.neontheme.com/layouts/mixed-menus-logo-fit/index.html]
[demo.neontheme.com/layouts/mixed-menus-collapsed/index.html]
[demo.neontheme.com/layouts/right-sidebar-collapsed/index.html]
[demo.neontheme.com/layouts/both-menus-right-sidebar-collapsed/index.html]
[demo.neontheme.com/indexbb79.html]
[demo.neontheme.com/index7f44.html]
[demo.neontheme.com/index843b.html]
[demo.neontheme.com/index84fe.html]
[demo.neontheme.com/index3bab.html]
[demo.neontheme.com/index00f3.html]
[demo.neontheme.com/indexc644.html]
[demo.neontheme.com/indexd657.html]
[demo.neontheme.com/index1f0e.html]
[demo.neontheme.com/assets/frontend/images/favicon.html]
[demo.neontheme.com/assets/frontend/css/bootstrap.css]
[demo.neontheme.com/assets/frontend/css/font-icons/entypo/font/entypo8421.eot]
[demo.neontheme.com/assets/frontend/css/font-icons/entypo/font/entypo8421.woff]
[demo.neontheme.com/assets/frontend/css/font-icons/entypo/font/entypo8421.ttf]
[demo.neontheme.com/assets/frontend/css/font-icons/entypo/css/entypo.css]
[demo.neontheme.com/assets/frontend/images/testimonials-bg.png]
[demo.neontheme.com/assets/frontend/images/zoom-icon.png]
[demo.neontheme.com/assets/frontend/images/prev-next-icons.png]
[demo.neontheme.com/assets/frontend/css/neon.css]
[demo.neontheme.com/assets/frontend/images/about-img-1.png]
[demo.neontheme.com/assets/frontend/images/staff-member-1.png]
[demo.neontheme.com/assets/frontend/images/staff-member-2.png]
[demo.neontheme.com/assets/frontend/images/staff-member-3.png]
[demo.neontheme.com/frontend/about/index.html]
[demo.neontheme.com/assets/frontend/images/portfolio-img-large-1.png]
[demo.neontheme.com/assets/frontend/images/gallery-thumb-1.png]
[demo.neontheme.com/assets/frontend/images/portfolio-img-large-2.png]
[demo.neontheme.com/assets/frontend/images/gallery-thumb-2.png]
[demo.neontheme.com/assets/frontend/images/portfolio-img-large-3.png]
[demo.neontheme.com/assets/frontend/images/gallery-thumb-3.png]
[demo.neontheme.com/assets/frontend/images/portfolio-img-large-4.png]
[demo.neontheme.com/assets/frontend/images/gallery-thumb-4.png]
[demo.neontheme.com/assets/frontend/images/portfolio-img-large-5.png]
[demo.neontheme.com/assets/frontend/images/gallery-thumb-5.png]
[demo.neontheme.com/assets/frontend/images/gallery-img-large.jpg]
[demo.neontheme.com/assets/frontend/images/gallery-thumb-6.png]
[demo.neontheme.com/assets/frontend/js/nivo-lightbox/nivo-lightbox.min.js]
[demo.neontheme.com/frontend/gallery/index.html]
[demo.neontheme.com/frontend/main/indexc81e.html]
[demo.neontheme.com/frontend/contact/index.html]
[demo.neontheme.com/assets/frontend/images/portfolio-thumb-4.png]
[demo.neontheme.com/assets/frontend/images/portfolio-thumb-5.png]
[demo.neontheme.com/assets/frontend/images/portfolio-thumb-6.png]
[demo.neontheme.com/assets/frontend/js/isotope/jquery.isotope.min.js]
[demo.neontheme.com/frontend/portfolio/index.html]
[demo.neontheme.com/assets/frontend/images/user-icon-1.png]
[demo.neontheme.com/assets/frontend/images/user-icon-2@2x.png]
[demo.neontheme.com/assets/frontend/images/user-icon-3@2x.png]
[demo.neontheme.com/frontend/blog-post/index.html]
[demo.neontheme.com/assets/frontend/js/jquery.cycle2.min.js]
[demo.neontheme.com/frontend/portfolio-single/index.html]
[demo.neontheme.com/assets/frontend/images/blog-thumb-1.png]
[demo.neontheme.com/assets/frontend/images/blog-thumb-2.png]
[demo.neontheme.com/assets/frontend/images/blog-thumb-3.png]
[demo.neontheme.com/frontend/blog/index.html]
[demo.neontheme.com/assets/js/wysihtml5/bootstrap-wysihtml5.css]
[demo.neontheme.com/forms/advanced/{{img}}.html]
[demo.neontheme.com/assets/js/select2/select2-bootstrap.css]
[demo.neontheme.com/assets/js/select2/select2.png]
[demo.neontheme.com/assets/js/select2/select2-spinner.gif]
[demo.neontheme.com/assets/js/select2/select2x2.png]
[demo.neontheme.com/assets/js/select2/select2.css]
[demo.neontheme.com/assets/js/selectboxit/jquery.selectBoxIt.css]
[demo.neontheme.com/assets/js/daterangepicker/daterangepicker-bs3.css]
[demo.neontheme.com/assets/js/icheck/skins/minimal/minimal.png]
[demo.neontheme.com/assets/js/icheck/skins/minimal/minimal@2x.png]
[demo.neontheme.com/assets/js/icheck/skins/minimal/red.png]
[demo.neontheme.com/assets/js/icheck/skins/minimal/red@2x.png]
[demo.neontheme.com/assets/js/icheck/skins/minimal/green.png]
[demo.neontheme.com/assets/js/icheck/skins/minimal/green@2x.png]
[demo.neontheme.com/assets/js/icheck/skins/minimal/blue.png]
[demo.neontheme.com/assets/js/icheck/skins/minimal/blue@2x.png]
[demo.neontheme.com/assets/js/icheck/skins/minimal/aero.png]
[demo.neontheme.com/assets/js/icheck/skins/minimal/aero@2x.png]
[demo.neontheme.com/assets/js/icheck/skins/minimal/grey.png]
[demo.neontheme.com/assets/js/icheck/skins/minimal/grey@2x.png]
[demo.neontheme.com/assets/js/icheck/skins/minimal/orange.png]
[demo.neontheme.com/assets/js/icheck/skins/minimal/orange@2x.png]
[demo.neontheme.com/assets/js/icheck/skins/minimal/yellow.png]
[demo.neontheme.com/assets/js/icheck/skins/minimal/yellow@2x.png]
[demo.neontheme.com/assets/js/icheck/skins/minimal/pink.png]
[demo.neontheme.com/assets/js/icheck/skins/minimal/pink@2x.png]
[demo.neontheme.com/assets/js/icheck/skins/minimal/purple.png]
[demo.neontheme.com/assets/js/icheck/skins/minimal/purple@2x.png]
[demo.neontheme.com/assets/js/icheck/skins/minimal/_all.css]
[demo.neontheme.com/assets/js/icheck/skins/square/square.png]
[demo.neontheme.com/assets/js/icheck/skins/square/square@2x.png]
[demo.neontheme.com/assets/js/icheck/skins/square/red.png]
[demo.neontheme.com/assets/js/icheck/skins/square/red@2x.png]
[demo.neontheme.com/assets/js/icheck/skins/square/green.png]
[demo.neontheme.com/assets/js/icheck/skins/square/green@2x.png]
[demo.neontheme.com/assets/js/icheck/skins/square/blue.png]
[demo.neontheme.com/assets/js/icheck/skins/square/blue@2x.png]
[demo.neontheme.com/assets/js/icheck/skins/square/aero.png]
[demo.neontheme.com/assets/js/icheck/skins/square/aero@2x.png]
[demo.neontheme.com/assets/js/icheck/skins/square/grey.png]
[demo.neontheme.com/assets/js/icheck/skins/square/grey@2x.png]
[demo.neontheme.com/assets/js/icheck/skins/square/orange.png]
[demo.neontheme.com/assets/js/icheck/skins/square/orange@2x.png]
[demo.neontheme.com/assets/js/icheck/skins/square/yellow.png]
[demo.neontheme.com/assets/js/icheck/skins/square/yellow@2x.png]
[demo.neontheme.com/assets/js/icheck/skins/square/pink.png]
[demo.neontheme.com/assets/js/icheck/skins/square/pink@2x.png]
[demo.neontheme.com/assets/js/icheck/skins/square/purple.png]
[demo.neontheme.com/assets/js/icheck/skins/square/purple@2x.png]
[demo.neontheme.com/assets/js/icheck/skins/square/_all.css]
[demo.neontheme.com/assets/js/icheck/skins/flat/flat.png]
[demo.neontheme.com/assets/js/icheck/skins/flat/flat@2x.png]
[demo.neontheme.com/assets/js/icheck/skins/flat/red.png]
[demo.neontheme.com/assets/js/icheck/skins/flat/red@2x.png]
[demo.neontheme.com/assets/js/icheck/skins/flat/green.png]
[demo.neontheme.com/assets/js/icheck/skins/flat/green@2x.png]
[demo.neontheme.com/assets/js/icheck/skins/flat/blue.png]
[demo.neontheme.com/assets/js/icheck/skins/flat/blue@2x.png]
[demo.neontheme.com/assets/js/icheck/skins/flat/aero.png]
[demo.neontheme.com/assets/js/icheck/skins/flat/aero@2x.png]
[demo.neontheme.com/assets/js/icheck/skins/flat/grey.png]
[demo.neontheme.com/assets/js/icheck/skins/flat/grey@2x.png]
[demo.neontheme.com/assets/js/icheck/skins/flat/orange.png]
[demo.neontheme.com/assets/js/icheck/skins/flat/orange@2x.png]
[demo.neontheme.com/assets/js/icheck/skins/flat/yellow.png]
[demo.neontheme.com/assets/js/icheck/skins/flat/yellow@2x.png]
[demo.neontheme.com/assets/js/icheck/skins/flat/pink.png]
[demo.neontheme.com/assets/js/icheck/skins/flat/pink@2x.png]
[demo.neontheme.com/assets/js/icheck/skins/flat/purple.png]
[demo.neontheme.com/assets/js/icheck/skins/flat/purple@2x.png]
[demo.neontheme.com/assets/js/icheck/skins/flat/_all.css]
[demo.neontheme.com/assets/js/icheck/skins/futurico/futurico.png]
[demo.neontheme.com/assets/js/icheck/skins/futurico/futurico@2x.png]
[demo.neontheme.com/assets/js/icheck/skins/futurico/futurico.css]
[demo.neontheme.com/assets/js/icheck/skins/polaris/polaris.png]
[demo.neontheme.com/assets/js/icheck/skins/polaris/polaris@2x.png]
[demo.neontheme.com/assets/js/icheck/skins/polaris/polaris.css]
[demo.neontheme.com/assets/js/dropzone/spritemap.png]
[demo.neontheme.com/assets/js/dropzone/spritemap@2x.png]
[demo.neontheme.com/assets/js/dropzone/dropzone.css]
[demo.neontheme.com/assets/js/codemirror/lib/codemirror.css]
[demo.neontheme.com/assets/js/uikit/fonts/fontawesome-webfont.eot]
[demo.neontheme.com/assets/js/uikit/fonts/fontawesome-webfontd41d.eot]
[demo.neontheme.com/assets/js/uikit/fonts/fontawesome-webfont.woff]
[demo.neontheme.com/assets/js/uikit/fonts/fontawesome-webfont.ttf]
[demo.neontheme.com/assets/js/uikit/css/uikit.min.css]
[demo.neontheme.com/assets/js/uikit/addons/css/markdownarea.css]
[demo.neontheme.com/assets/js/zurb-responsive-tables/responsive-tables.css]
[demo.neontheme.com/assets/js/datatables/DataTables-1.10.9/images/sort_both.png]
[demo.neontheme.com/assets/js/datatables/DataTables-1.10.9/images/sort_asc.png]
[demo.neontheme.com/assets/js/datatables/DataTables-1.10.9/images/sort_desc.png]
[demo.neontheme.com/assets/js/datatables/DataTables-1.10.9/images/sort_asc_disabled.png]
[demo.neontheme.com/assets/js/datatables/DataTables-1.10.9/images/sort_desc_disabled.png]
[demo.neontheme.com/assets/js/datatables/datatables.css]
[demo.neontheme.com/assets/css/font-icons/font-awesome/fonts/fontawesome-webfont93e3.eot]
[demo.neontheme.com/assets/css/font-icons/font-awesome/fonts/fontawesome-webfontd41d.eot]
[demo.neontheme.com/assets/css/font-icons/font-awesome/fonts/fontawesome-webfont93e3.woff2]
[demo.neontheme.com/assets/css/font-icons/font-awesome/fonts/fontawesome-webfont93e3.woff]
[demo.neontheme.com/assets/css/font-icons/font-awesome/fonts/fontawesome-webfont93e3.ttf]
[demo.neontheme.com/assets/css/font-icons/font-awesome/css/font-awesome.min.css]
[demo.neontheme.com/assets/js/fullcalendar-2/fullcalendar.min.css]
[demo.neontheme.com/assets/js/jcrop/Jcrop.gif]
[demo.neontheme.com/assets/js/jcrop/jquery.Jcrop.min.css]
[demo.neontheme.com/assets/js/vertical-timeline/css/component.css]
[demo.neontheme.com/assets/js/aci-tree/image/load-root.gif]
[demo.neontheme.com/assets/js/aci-tree/image/tree-branch.png]
[demo.neontheme.com/assets/js/aci-tree/image/tree-check-small.png]
[demo.neontheme.com/assets/js/aci-tree/image/tree-check-big.png]
[demo.neontheme.com/assets/js/aci-tree/image/tree-check-small-rtl.png]
[demo.neontheme.com/assets/js/aci-tree/image/tree-check-big-rtl.png]
[demo.neontheme.com/assets/js/aci-tree/image/drag-drop.png]
[demo.neontheme.com/assets/js/aci-tree/image/drag-drop-rtl.png]
[demo.neontheme.com/assets/js/aci-tree/image/tree-small.png]
[demo.neontheme.com/assets/js/aci-tree/image/tree-big.png]
[demo.neontheme.com/assets/js/aci-tree/image/tree-small-rtl.png]
[demo.neontheme.com/assets/js/aci-tree/image/tree-big-rtl.png]
[demo.neontheme.com/assets/js/aci-tree/image/tree-arrow-small.png]
[demo.neontheme.com/assets/js/aci-tree/image/tree-arrow-big.png]
[demo.neontheme.com/assets/js/aci-tree/image/tree-arrow-small-rtl.png]
[demo.neontheme.com/assets/js/aci-tree/image/tree-arrow-big-rtl.png]
[demo.neontheme.com/assets/js/aci-tree/image/load-node.gif]
[demo.neontheme.com/assets/js/aci-tree/css/aciTree.css]
[demo.neontheme.com/assets/js/icheck/skins/line/line.png]
[demo.neontheme.com/assets/js/icheck/skins/line/line@2x.png]
[demo.neontheme.com/assets/js/icheck/skins/line/_all.css]
[demo.neontheme.com/assets/frontend/css/font-icons/entypo/font/entypo8421.svg]
[demo.neontheme.com/assets/frontend/js/nivo-lightbox/nivo-lightbox.css]
[demo.neontheme.com/assets/frontend/js/nivo-lightbox/themes/default/loading.gif]
[demo.neontheme.com/assets/frontend/js/nivo-lightbox/themes/default/prev.png]
[demo.neontheme.com/assets/frontend/js/nivo-lightbox/themes/default/next.png]
[demo.neontheme.com/assets/frontend/js/nivo-lightbox/themes/default/close.png]
[demo.neontheme.com/assets/frontend/js/nivo-lightbox/themes/default/loading@2x.gif]
[demo.neontheme.com/assets/frontend/js/nivo-lightbox/themes/default/prev@2x.png]
[demo.neontheme.com/assets/frontend/js/nivo-lightbox/themes/default/next@2x.png]
[demo.neontheme.com/assets/frontend/js/nivo-lightbox/themes/default/close@2x.png]
[demo.neontheme.com/assets/frontend/js/nivo-lightbox/themes/default/default.css]
[demo.neontheme.com/assets/css/font-icons/font-awesome/fonts/fontawesome-webfont93e3.svg]
